[12:00:00.000] version 0.18.0-rc.4-31-g0a1b2c3d (build 68C0A1F2) -- synthetic fixture for edvr_log.py --camera-census
[12:00:00.037] vr camera census: on (advanced.vr_camera_census); observe-only, nothing is written to any camera; owner thread 4321; 5 s line per window for 36 windows, then one per 12; cameras first 64, call sequences first 3 and eye draws first 4 on-foot frames (the tone drawn while the journal, read=yes, says on foot); line budget 724
[12:00:00.074] flat camera inject: refresh hook installed at EliteDangerous64.exe+0x592200 in OBSERVE-ONLY mode (the VR camera census): no camera is ever written
[12:00:00.111] vr camera census 5s: frames=448 calls=39100 posts=39100 off-thread=0 stale=0 kinds=1:896,3:38204 callers=+0x594E13:12999,+0x594EAB:12999,+0x594FE1:12999,+0x58DE73:103 cameras-seen=3 cameras-total=3 tone=30000/9100/0 tone-frames=448 on-foot-frames=0 foot=no eye-draws=896/0 progress=yes hook=installed windows=1 cam-overflow=0 thread-overflow=0
[12:00:00.148] vr camera census: camera=0x241dc2e2960 kind=3 caller=+0x594E13 thread=owner aspect=1.777778 near=0.025 far=50000 fov=1.0122 bound=(0,0) offcentre=(-0,-0) viewport=(5040,2835) tan=(-0.9853325,0.9853325,-0.5542496,0.5542496) view=0x241dd00a000 vctx=0x241dd00a100 first-call=1 draw=0 tone=before frame=1
[12:00:00.185] vr camera census: camera=0x241de000100 kind=1 caller=+0x58DE73 thread=owner aspect=1 near=0.1 far=50000 fov=0 bound=(0,0) offcentre=(0,0) viewport=(5040,2835) tan=- view=0x241dd00c000 vctx=0x241dd00c100 first-call=2 draw=0 tone=before frame=1
[12:00:00.222] vr camera census: camera=0x241de100200 kind=3 caller=+0x594E13 thread=owner aspect=1.777778 near=0.0675 far=50000 fov=0.8236 bound=(0,0) offcentre=(-0,-0) viewport=(5040,2835) tan=(-0.7764852,0.7764852,-0.4367729,0.4367729) view=0x241dd00b000 vctx=0x241dd00b100 first-call=13 draw=2100 tone=before frame=4
[12:00:00.259] vr camera census: camera=0x241df6d0bb0 kind=3 caller=+0x594FE1 thread=owner aspect=0.95 near=0.05 far=50000 fov=1.570796 bound=(0.1316263,-0.04995501) offcentre=(0.2632527,-0.09991002) viewport=(2620,2533) tan=(-1.20009,0.69991,-0.90009,1.09991) view=0x241dd00e000 vctx=0x241dd00e100 first-call=18 draw=8210 tone=after frame=4
[12:00:00.296] vr camera census: camera=0x241df6d0ff0 kind=3 caller=+0x594FE1 thread=owner aspect=0.95 near=0.05 far=50000 fov=1.570796 bound=(-0.1315316,-0.04995501) offcentre=(-0.2630632,-0.09991002) viewport=(2620,2533) tan=(-0.7000901,1.19991,-0.90009,1.09991) view=0x241dd00f000 vctx=0x241dd00f100 first-call=19 draw=8211 tone=after frame=4
[12:00:00.333] vr camera census: sequence frame=4 index=1/3 foot=yes calls=21 recorded=21 truncated=0
[12:00:00.370] vr camera census: call frame=4 n=1 camera=0x241dc2e2960 kind=3 caller=+0x594E13 draw=350 tone=before fl=0x1C>0x0 view=0x241dd00a000 rows=[0.953356,-0.07406239,0,0.3404319,0,1.791266,0,0.1197122,-0.3480021,-0.2028948,0,0.9326174,0,0,0.025,0]
[12:00:00.407] vr camera census: call frame=4 n=2 camera=0x241dc2e2960 kind=3 caller=+0x594EAB draw=677 tone=before fl=0x1C>0x0 view=0x241dd00a000 rows=[0.953356,-0.07406239,0,0.3404319,0,1.791266,0,0.1197122,-0.3480021,-0.2028948,0,0.9326174,0,0,0.025,0]
[12:00:00.444] vr camera census: call frame=4 n=3 camera=0x241dc2e2960 kind=3 caller=+0x594FE1 draw=1021 tone=before fl=0x1C>0x0 view=0x241dd00a000 rows=[0.953356,-0.07406239,0,0.3404319,0,1.791266,0,0.1197122,-0.3480021,-0.2028948,0,0.9326174,0,0,0.025,0]
[12:00:00.481] vr camera census: call frame=4 n=4 camera=0x241dc2e2960 kind=3 caller=+0x594E13 draw=1382 tone=before fl=0x1C>0x0 view=0x241dd00a000 rows=[0.953356,-0.07406239,0,0.3404319,0,1.791266,0,0.1197122,-0.3480021,-0.2028948,0,0.9326174,0,0,0.025,0]
[12:00:00.518] vr camera census: call frame=4 n=5 camera=0x241dc2e2960 kind=3 caller=+0x594EAB draw=1760 tone=before fl=0x1C>0x0 view=0x241dd00a000 rows=[0.953356,-0.07406239,0,0.3404319,0,1.791266,0,0.1197122,-0.3480021,-0.2028948,0,0.9326174,0,0,0.025,0]
[12:00:00.555] vr camera census: call frame=4 n=6 camera=0x241dc2e2960 kind=3 caller=+0x594FE1 draw=2155 tone=before fl=0x1C>0x0 view=0x241dd00a000 rows=[0.953356,-0.07406239,0,0.3404319,0,1.791266,0,0.1197122,-0.3480021,-0.2028948,0,0.9326174,0,0,0.025,0]
[12:00:00.592] vr camera census: call frame=4 n=7 camera=0x241dc2e2960 kind=3 caller=+0x594E13 draw=2567 tone=before fl=0x1C>0x0 view=0x241dd00a000 rows=[0.953356,-0.07406239,0,0.3404319,0,1.791266,0,0.1197122,-0.3480021,-0.2028948,0,0.9326174,0,0,0.025,0]
[12:00:00.629] vr camera census: call frame=4 n=8 camera=0x241dc2e2960 kind=3 caller=+0x594EAB draw=2996 tone=before fl=0x1C>0x0 view=0x241dd00a000 rows=[0.953356,-0.07406239,0,0.3404319,0,1.791266,0,0.1197122,-0.3480021,-0.2028948,0,0.9326174,0,0,0.025,0]
[12:00:00.666] vr camera census: call frame=4 n=9 camera=0x241dc2e2960 kind=3 caller=+0x594FE1 draw=3442 tone=before fl=0x1C>0x0 view=0x241dd00a000 rows=[0.953356,-0.07406239,0,0.3404319,0,1.791266,0,0.1197122,-0.3480021,-0.2028948,0,0.9326174,0,0,0.025,0]
[12:00:00.703] vr camera census: call frame=4 n=10 camera=0x241dc2e2960 kind=3 caller=+0x594E13 draw=3905 tone=before fl=0x1C>0x0 view=0x241dd00a000 rows=[0.953356,-0.07406239,0,0.3404319,0,1.791266,0,0.1197122,-0.3480021,-0.2028948,0,0.9326174,0,0,0.025,0]
[12:00:00.740] vr camera census: call frame=4 n=11 camera=0x241dc2e2960 kind=3 caller=+0x594EAB draw=4385 tone=before fl=0x1C>0x0 view=0x241dd00a000 rows=[0.953356,-0.07406239,0,0.3404319,0,1.791266,0,0.1197122,-0.3480021,-0.2028948,0,0.9326174,0,0,0.025,0]
[12:00:00.777] vr camera census: call frame=4 n=12 camera=0x241dc2e2960 kind=3 caller=+0x594FE1 draw=4882 tone=before fl=0x1C>0x0 view=0x241dd00a000 rows=[0.953356,-0.07406239,0,0.3404319,0,1.791266,0,0.1197122,-0.3480021,-0.2028948,0,0.9326174,0,0,0.025,0]
[12:00:00.814] vr camera census: call frame=4 n=13 camera=0x241de100200 kind=3 caller=+0x594E13 draw=4937 tone=before fl=0x1C>0x0 view=0x241dd00b000 rows=[1.209775,-0.0939826,0,0.3404319,0,2.273055,0,0.1197122,-0.4416025,-0.2574665,0,0.9326174,0,0,0.0675,0]
[12:00:00.851] vr camera census: call frame=4 n=14 camera=0x241de100200 kind=3 caller=+0x594E13 draw=4992 tone=before fl=0x1C>0x0 view=0x241dd00b000 rows=[1.209775,-0.0939826,0,0.3404319,0,2.273055,0,0.1197122,-0.4416025,-0.2574665,0,0.9326174,0,0,0.0675,0]
[12:00:00.888] vr camera census: call frame=4 n=15 camera=0x241de100200 kind=3 caller=+0x594E13 draw=5047 tone=before fl=0x1C>0x0 view=0x241dd00b000 rows=[1.209775,-0.0939826,0,0.3404319,0,2.273055,0,0.1197122,-0.4416025,-0.2574665,0,0.9326174,0,0,0.0675,0]
[12:00:00.925] vr camera census: call frame=4 n=16 camera=0x241de000100 kind=1 caller=+0x58DE73 draw=5056 tone=before fl=0x1C>0x4 view=0x241dd00c000 rows=-
[12:00:00.962] vr camera census: call frame=4 n=17 camera=0x241de000100 kind=1 caller=+0x58DE73 draw=5056 tone=before fl=0x1C>0x4 view=0x241dd00c000 rows=-
[12:00:00.999] vr camera census: call frame=4 n=18 camera=0x241df6d0bb0 kind=3 caller=+0x594FE1 draw=8210 tone=after fl=0x1C>0x0 view=0x241dd00e000 rows=[1.052631,0,0,0,0.03151456,0.9808482,0,0.1197122,0.2613596,-0.2189037,0,0.9928086,0,0,0.05,0]
[12:00:01.036] vr camera census: call frame=4 n=19 camera=0x241df6d0ff0 kind=3 caller=+0x594FE1 draw=8211 tone=after fl=0x1C>0x0 view=0x241dd00f000 rows=[1.052631,0,0,0,-0.03149187,0.9808482,0,0.1197122,-0.2611714,-0.2189037,0,0.9928086,0,0,0.05,0]
[12:00:01.073] vr camera census: call frame=4 n=20 camera=0x241df6d0bb0 kind=3 caller=+0x594FE1 draw=8212 tone=after fl=0x1C>0x0 view=0x241dd00e000 rows=[1.052631,0,0,0,0.03151456,0.9808482,0,0.1197122,0.2613596,-0.2189037,0,0.9928086,0,0,0.05,0]
[12:00:01.110] vr camera census: call frame=4 n=21 camera=0x241df6d0ff0 kind=3 caller=+0x594FE1 draw=8213 tone=after fl=0x1C>0x0 view=0x241dd00f000 rows=[1.052631,0,0,0,-0.03149187,0.9808482,0,0.1197122,-0.2611714,-0.2189037,0,0.9928086,0,0,0.05,0]
[12:00:01.147] vr camera census: eye=0 frame=4 foot=yes draw=8213 b1=0x1eb2e751e20 first=0 bytes=5376 rows=[1.052631,0,0,0,0.03151456,0.9808482,0,0.1197122,0.2613596,-0.2189037,0,0.9928086,0,0,0.05,0] meas=(0.2632527,-0.09991002)
[12:00:01.184] vr camera census: eye-geometry eye=0 frame=4 seq=4704 frustum=[-1.2,0.7,-0.9,1.1] shift=(-8.999999e-05,-9e-05) expect=(0.2631579,-0.1) expect-shifted=(0.2632527,-0.09991002) leak=(5.945e-08,3.603e-09)
[12:00:01.221] vr camera census: eye=1 frame=4 foot=yes draw=8220 b1=0x1eb2e751e20 first=0 bytes=5376 rows=[1.052631,0,0,0,-0.03149187,0.9808482,0,0.1197122,-0.2611714,-0.2189037,0,0.9928086,0,0,0.05,0] meas=(-0.2630632,-0.09991002)
[12:00:01.258] vr camera census: eye-geometry eye=1 frame=4 seq=4704 frustum=[-0.7,1.2,-0.9,1.1] shift=(-8.999999e-05,-9e-05) expect=(-0.2631579,-0.1) expect-shifted=(-0.2630632,-0.09991002) leak=(3.148e-08,3.603e-09)
[12:00:01.295] vr camera census: changed: camera=0x241df6d0bb0 frame=5 n=9 bound=(0.1316263,-0.04995501)->(0.1315684,-0.050025)
[12:00:01.332] vr camera census: changed: camera=0x241df6d0ff0 frame=5 n=9 bound=(-0.1315316,-0.04995501)->(-0.1315895,-0.050025)
[12:00:01.369] vr camera census: sequence frame=5 index=2/3 foot=yes calls=21 recorded=21 truncated=0
[12:00:01.406] vr camera census: call frame=5 n=1 camera=0x241dc2e2960 kind=3 caller=+0x594E13 draw=350 tone=before fl=0x1C>0x0 view=0x241dd00a000 rows=[0.9519563,-0.07487337,0,0.3441596,0,1.791266,0,0.1197122,-0.3518127,-0.202597,0,0.9312481,0,0,0.025,0]
[12:00:01.443] vr camera census: call frame=5 n=2 camera=0x241dc2e2960 kind=3 caller=+0x594EAB draw=677 tone=before fl=0x1C>0x0 view=0x241dd00a000 rows=[0.9519563,-0.07487337,0,0.3441596,0,1.791266,0,0.1197122,-0.3518127,-0.202597,0,0.9312481,0,0,0.025,0]
[12:00:01.480] vr camera census: call frame=5 n=3 camera=0x241dc2e2960 kind=3 caller=+0x594FE1 draw=1021 tone=before fl=0x1C>0x0 view=0x241dd00a000 rows=[0.9519563,-0.07487337,0,0.3441596,0,1.791266,0,0.1197122,-0.3518127,-0.202597,0,0.9312481,0,0,0.025,0]
[12:00:01.517] vr camera census: call frame=5 n=4 camera=0x241dc2e2960 kind=3 caller=+0x594E13 draw=1382 tone=before fl=0x1C>0x0 view=0x241dd00a000 rows=[0.9519563,-0.07487337,0,0.3441596,0,1.791266,0,0.1197122,-0.3518127,-0.202597,0,0.9312481,0,0,0.025,0]
[12:00:01.554] vr camera census: call frame=5 n=5 camera=0x241dc2e2960 kind=3 caller=+0x594EAB draw=1760 tone=before fl=0x1C>0x0 view=0x241dd00a000 rows=[0.9519563,-0.07487337,0,0.3441596,0,1.791266,0,0.1197122,-0.3518127,-0.202597,0,0.9312481,0,0,0.025,0]
[12:00:01.591] vr camera census: call frame=5 n=6 camera=0x241dc2e2960 kind=3 caller=+0x594FE1 draw=2155 tone=before fl=0x1C>0x0 view=0x241dd00a000 rows=[0.9519563,-0.07487337,0,0.3441596,0,1.791266,0,0.1197122,-0.3518127,-0.202597,0,0.9312481,0,0,0.025,0]
[12:00:01.628] vr camera census: call frame=5 n=7 camera=0x241dc2e2960 kind=3 caller=+0x594E13 draw=2567 tone=before fl=0x1C>0x0 view=0x241dd00a000 rows=[0.9519563,-0.07487337,0,0.3441596,0,1.791266,0,0.1197122,-0.3518127,-0.202597,0,0.9312481,0,0,0.025,0]
[12:00:01.665] vr camera census: call frame=5 n=8 camera=0x241dc2e2960 kind=3 caller=+0x594EAB draw=2996 tone=before fl=0x1C>0x0 view=0x241dd00a000 rows=[0.9519563,-0.07487337,0,0.3441596,0,1.791266,0,0.1197122,-0.3518127,-0.202597,0,0.9312481,0,0,0.025,0]
[12:00:01.702] vr camera census: call frame=5 n=9 camera=0x241dc2e2960 kind=3 caller=+0x594FE1 draw=3442 tone=before fl=0x1C>0x0 view=0x241dd00a000 rows=[0.9519563,-0.07487337,0,0.3441596,0,1.791266,0,0.1197122,-0.3518127,-0.202597,0,0.9312481,0,0,0.025,0]
[12:00:01.739] vr camera census: call frame=5 n=10 camera=0x241dc2e2960 kind=3 caller=+0x594E13 draw=3905 tone=before fl=0x1C>0x0 view=0x241dd00a000 rows=[0.9519563,-0.07487337,0,0.3441596,0,1.791266,0,0.1197122,-0.3518127,-0.202597,0,0.9312481,0,0,0.025,0]
[12:00:01.776] vr camera census: call frame=5 n=11 camera=0x241dc2e2960 kind=3 caller=+0x594EAB draw=4385 tone=before fl=0x1C>0x0 view=0x241dd00a000 rows=[0.9519563,-0.07487337,0,0.3441596,0,1.791266,0,0.1197122,-0.3518127,-0.202597,0,0.9312481,0,0,0.025,0]
[12:00:01.813] vr camera census: call frame=5 n=12 camera=0x241dc2e2960 kind=3 caller=+0x594FE1 draw=4882 tone=before fl=0x1C>0x0 view=0x241dd00a000 rows=[0.9519563,-0.07487337,0,0.3441596,0,1.791266,0,0.1197122,-0.3518127,-0.202597,0,0.9312481,0,0,0.025,0]
[12:00:01.850] vr camera census: call frame=5 n=13 camera=0x241de100200 kind=3 caller=+0x594E13 draw=4937 tone=before fl=0x1C>0x0 view=0x241dd00b000 rows=[1.207999,-0.0950117,0,0.3441596,0,2.273055,0,0.1197122,-0.446438,-0.2570885,0,0.9312481,0,0,0.0675,0]
[12:00:01.887] vr camera census: call frame=5 n=14 camera=0x241de100200 kind=3 caller=+0x594E13 draw=4992 tone=before fl=0x1C>0x0 view=0x241dd00b000 rows=[1.207999,-0.0950117,0,0.3441596,0,2.273055,0,0.1197122,-0.446438,-0.2570885,0,0.9312481,0,0,0.0675,0]
[12:00:01.924] vr camera census: call frame=5 n=15 camera=0x241de100200 kind=3 caller=+0x594E13 draw=5047 tone=before fl=0x1C>0x0 view=0x241dd00b000 rows=[1.207999,-0.0950117,0,0.3441596,0,2.273055,0,0.1197122,-0.446438,-0.2570885,0,0.9312481,0,0,0.0675,0]
[12:00:01.961] vr camera census: call frame=5 n=16 camera=0x241de000100 kind=1 caller=+0x58DE73 draw=5056 tone=before fl=0x1C>0x4 view=0x241dd00c000 rows=-
[12:00:01.998] vr camera census: call frame=5 n=17 camera=0x241de000100 kind=1 caller=+0x58DE73 draw=5056 tone=before fl=0x1C>0x4 view=0x241dd00c000 rows=-
[12:00:02.035] vr camera census: call frame=5 n=18 camera=0x241df6d0bb0 kind=3 caller=+0x594FE1 draw=8210 tone=after fl=0x1C>0x0 view=0x241dd00e000 rows=[1.057646,-0.004380562,0,0.01985485,0.03150069,0.9808314,0,0.1197122,0.2401411,-0.2189989,0,0.9926101,0,0,0.05,0]
[12:00:02.072] vr camera census: call frame=5 n=19 camera=0x241df6d0ff0 kind=3 caller=+0x594FE1 draw=8211 tone=after fl=0x1C>0x0 view=0x241dd00f000 rows=[1.047196,-0.004380562,0,0.01985485,-0.03150574,0.9808314,0,0.1197122,-0.2822854,-0.2189989,0,0.9926101,0,0,0.05,0]
[12:00:02.109] vr camera census: call frame=5 n=20 camera=0x241df6d0bb0 kind=3 caller=+0x594FE1 draw=8212 tone=after fl=0x1C>0x0 view=0x241dd00e000 rows=[1.057646,-0.004380562,0,0.01985485,0.03150069,0.9808314,0,0.1197122,0.2401411,-0.2189989,0,0.9926101,0,0,0.05,0]
[12:00:02.146] vr camera census: call frame=5 n=21 camera=0x241df6d0ff0 kind=3 caller=+0x594FE1 draw=8213 tone=after fl=0x1C>0x0 view=0x241dd00f000 rows=[1.047196,-0.004380562,0,0.01985485,-0.03150574,0.9808314,0,0.1197122,-0.2822854,-0.2189989,0,0.9926101,0,0,0.05,0]
[12:00:02.183] vr camera census: eye=0 frame=5 foot=yes draw=8213 b1=0x1eb2e751e20 first=0 bytes=5376 rows=[1.057646,-0.004380562,0,0.01985485,0.03150069,0.9808314,0,0.1197122,0.2401411,-0.2189989,0,0.9926101,0,0,0.05,0] meas=(0.2631368,-0.10005)
[12:00:02.220] vr camera census: eye-geometry eye=0 frame=5 seq=4705 frustum=[-1.2,0.7,-0.9,1.1] shift=(2.000001e-05,5e-05) expect=(0.2631579,-0.1) expect-shifted=(0.2631369,-0.10005) leak=(-2.193e-08,1.697e-08)
[12:00:02.257] vr camera census: eye=1 frame=5 foot=yes draw=8220 b1=0x1eb2e751e20 first=0 bytes=5376 rows=[1.047196,-0.004380562,0,0.01985485,-0.03150574,0.9808314,0,0.1197122,-0.2822854,-0.2189989,0,0.9926101,0,0,0.05,0] meas=(-0.263179,-0.10005)
[12:00:02.294] vr camera census: eye-geometry eye=1 frame=5 seq=4705 frustum=[-0.7,1.2,-0.9,1.1] shift=(2.000001e-05,5e-05) expect=(-0.2631579,-0.1) expect-shifted=(-0.263179,-0.10005) leak=(-5.810e-08,1.697e-08)
[12:00:02.331] vr camera census: changed: camera=0x241df6d0bb0 frame=6 n=18 bound=(0.1315684,-0.050025)->(0.1315105,-0.04999)
[12:00:02.368] vr camera census: changed: camera=0x241df6d0ff0 frame=6 n=18 bound=(-0.1315895,-0.050025)->(-0.1316474,-0.04999)
[12:00:02.405] vr camera census: sequence frame=6 index=3/3 foot=yes calls=21 recorded=21 truncated=0
[12:00:02.442] vr camera census: call frame=6 n=1 camera=0x241dc2e2960 kind=3 caller=+0x594E13 draw=350 tone=before fl=0x1C>0x0 view=0x241dd00a000 rows=[0.9505415,-0.07568317,0,0.3478819,0,1.791266,0,0.1197122,-0.3556177,-0.2022958,0,0.929864,0,0,0.025,0]
[12:00:02.479] vr camera census: call frame=6 n=2 camera=0x241dc2e2960 kind=3 caller=+0x594EAB draw=677 tone=before fl=0x1C>0x0 view=0x241dd00a000 rows=[0.9505415,-0.07568317,0,0.3478819,0,1.791266,0,0.1197122,-0.3556177,-0.2022958,0,0.929864,0,0,0.025,0]
[12:00:02.516] vr camera census: call frame=6 n=3 camera=0x241dc2e2960 kind=3 caller=+0x594FE1 draw=1021 tone=before fl=0x1C>0x0 view=0x241dd00a000 rows=[0.9505415,-0.07568317,0,0.3478819,0,1.791266,0,0.1197122,-0.3556177,-0.2022958,0,0.929864,0,0,0.025,0]
[12:00:02.553] vr camera census: call frame=6 n=4 camera=0x241dc2e2960 kind=3 caller=+0x594E13 draw=1382 tone=before fl=0x1C>0x0 view=0x241dd00a000 rows=[0.9505415,-0.07568317,0,0.3478819,0,1.791266,0,0.1197122,-0.3556177,-0.2022958,0,0.929864,0,0,0.025,0]
[12:00:02.590] vr camera census: call frame=6 n=5 camera=0x241dc2e2960 kind=3 caller=+0x594EAB draw=1760 tone=before fl=0x1C>0x0 view=0x241dd00a000 rows=[0.9505415,-0.07568317,0,0.3478819,0,1.791266,0,0.1197122,-0.3556177,-0.2022958,0,0.929864,0,0,0.025,0]
[12:00:02.627] vr camera census: call frame=6 n=6 camera=0x241dc2e2960 kind=3 caller=+0x594FE1 draw=2155 tone=before fl=0x1C>0x0 view=0x241dd00a000 rows=[0.9505415,-0.07568317,0,0.3478819,0,1.791266,0,0.1197122,-0.3556177,-0.2022958,0,0.929864,0,0,0.025,0]
[12:00:02.664] vr camera census: call frame=6 n=7 camera=0x241dc2e2960 kind=3 caller=+0x594E13 draw=2567 tone=before fl=0x1C>0x0 view=0x241dd00a000 rows=[0.9505415,-0.07568317,0,0.3478819,0,1.791266,0,0.1197122,-0.3556177,-0.2022958,0,0.929864,0,0,0.025,0]
[12:00:02.701] vr camera census: call frame=6 n=8 camera=0x241dc2e2960 kind=3 caller=+0x594EAB draw=2996 tone=before fl=0x1C>0x0 view=0x241dd00a000 rows=[0.9505415,-0.07568317,0,0.3478819,0,1.791266,0,0.1197122,-0.3556177,-0.2022958,0,0.929864,0,0,0.025,0]
[12:00:02.738] vr camera census: call frame=6 n=9 camera=0x241dc2e2960 kind=3 caller=+0x594FE1 draw=3442 tone=before fl=0x1C>0x0 view=0x241dd00a000 rows=[0.9505415,-0.07568317,0,0.3478819,0,1.791266,0,0.1197122,-0.3556177,-0.2022958,0,0.929864,0,0,0.025,0]
[12:00:02.775] vr camera census: call frame=6 n=10 camera=0x241dc2e2960 kind=3 caller=+0x594E13 draw=3905 tone=before fl=0x1C>0x0 view=0x241dd00a000 rows=[0.9505415,-0.07568317,0,0.3478819,0,1.791266,0,0.1197122,-0.3556177,-0.2022958,0,0.929864,0,0,0.025,0]
[12:00:02.812] vr camera census: call frame=6 n=11 camera=0x241dc2e2960 kind=3 caller=+0x594EAB draw=4385 tone=before fl=0x1C>0x0 view=0x241dd00a000 rows=[0.9505415,-0.07568317,0,0.3478819,0,1.791266,0,0.1197122,-0.3556177,-0.2022958,0,0.929864,0,0,0.025,0]
[12:00:02.849] vr camera census: call frame=6 n=12 camera=0x241dc2e2960 kind=3 caller=+0x594FE1 draw=4882 tone=before fl=0x1C>0x0 view=0x241dd00a000 rows=[0.9505415,-0.07568317,0,0.3478819,0,1.791266,0,0.1197122,-0.3556177,-0.2022958,0,0.929864,0,0,0.025,0]
[12:00:02.886] vr camera census: call frame=6 n=13 camera=0x241de100200 kind=3 caller=+0x594E13 draw=4937 tone=before fl=0x1C>0x0 view=0x241dd00b000 rows=[1.206204,-0.0960393,0,0.3478819,0,2.273055,0,0.1197122,-0.4512665,-0.2567064,0,0.929864,0,0,0.0675,0]
[12:00:02.923] vr camera census: call frame=6 n=14 camera=0x241de100200 kind=3 caller=+0x594E13 draw=4992 tone=before fl=0x1C>0x0 view=0x241dd00b000 rows=[1.206204,-0.0960393,0,0.3478819,0,2.273055,0,0.1197122,-0.4512665,-0.2567064,0,0.929864,0,0,0.0675,0]
[12:00:02.960] vr camera census: call frame=6 n=15 camera=0x241de100200 kind=3 caller=+0x594E13 draw=5047 tone=before fl=0x1C>0x0 view=0x241dd00b000 rows=[1.206204,-0.0960393,0,0.3478819,0,2.273055,0,0.1197122,-0.4512665,-0.2567064,0,0.929864,0,0,0.0675,0]
[12:00:02.997] vr camera census: call frame=6 n=16 camera=0x241de000100 kind=1 caller=+0x58DE73 draw=5056 tone=before fl=0x1C>0x4 view=0x241dd00c000 rows=-
[12:00:03.034] vr camera census: call frame=6 n=17 camera=0x241de000100 kind=1 caller=+0x58DE73 draw=5056 tone=before fl=0x1C>0x4 view=0x241dd00c000 rows=-
[12:00:03.071] vr camera census: call frame=6 n=18 camera=0x241df6d0bb0 kind=3 caller=+0x594FE1 draw=8210 tone=after fl=0x1C>0x0 view=0x241dd00e000 rows=[1.062232,-0.008756593,0,0.03970176,0.03148683,0.9808398,0,0.1197122,0.2188267,-0.2187981,0,0.9920145,0,0,0.05,0]
[12:00:03.108] vr camera census: call frame=6 n=19 camera=0x241df6d0ff0 kind=3 caller=+0x594FE1 draw=8211 tone=after fl=0x1C>0x0 view=0x241dd00f000 rows=[1.041336,-0.008756593,0,0.03970176,-0.0315196,0.9808398,0,0.1197122,-0.3032863,-0.2187981,0,0.9920145,0,0,0.05,0]
[12:00:03.145] vr camera census: call frame=6 n=20 camera=0x241df6d0bb0 kind=3 caller=+0x594FE1 draw=8212 tone=after fl=0x1C>0x0 view=0x241dd00e000 rows=[1.062232,-0.008756593,0,0.03970176,0.03148683,0.9808398,0,0.1197122,0.2188267,-0.2187981,0,0.9920145,0,0,0.05,0]
[12:00:03.182] vr camera census: call frame=6 n=21 camera=0x241df6d0ff0 kind=3 caller=+0x594FE1 draw=8213 tone=after fl=0x1C>0x0 view=0x241dd00f000 rows=[1.041336,-0.008756593,0,0.03970176,-0.0315196,0.9808398,0,0.1197122,-0.3032863,-0.2187981,0,0.9920145,0,0,0.05,0]
[12:00:03.219] vr camera census: eye=0 frame=6 foot=yes draw=8213 b1=0x1eb2e751e20 first=0 bytes=5376 rows=[1.062232,-0.008756593,0,0.03970176,0.03148683,0.9808398,0,0.1197122,0.2188267,-0.2187981,0,0.9920145,0,0,0.05,0] meas=(0.263021,-0.09998)
[12:00:03.256] vr camera census: eye-geometry eye=0 frame=6 seq=4706 frustum=[-1.2,0.7,-0.9,1.1] shift=(0.00013,-2e-05) expect=(0.2631579,-0.1) expect-shifted=(0.2630211,-0.09998002) leak=(-2.918e-08,2.038e-08)
[12:00:03.293] vr camera census: eye=1 frame=6 foot=yes draw=8220 b1=0x1eb2e751e20 first=0 bytes=5376 rows=[1.041336,-0.008756593,0,0.03970176,-0.0315196,0.9808398,0,0.1197122,-0.3032863,-0.2187981,0,0.9920145,0,0,0.05,0] meas=(-0.2632948,-0.09998)
[12:00:03.330] vr camera census: eye-geometry eye=1 frame=6 seq=4706 frustum=[-0.7,1.2,-0.9,1.1] shift=(0.00013,-2e-05) expect=(-0.2631579,-0.1) expect-shifted=(-0.2632948,-0.09998002) leak=(-2.084e-08,2.038e-08)
[12:00:03.367] vr camera census: eye=0 frame=7 foot=yes draw=8213 b1=0x1eb2e751e20 first=0 bytes=5376 rows=[1.066416,-0.01312635,0,0.05953278,0.03152842,0.9808482,0,0.1197122,0.197884,-0.2185098,0,0.9910221,0,0,0.05,0] meas=(0.2633685,-0.09991002)
[12:00:03.404] vr camera census: eye-geometry eye=0 frame=7 seq=4707 frustum=[-1.2,0.7,-0.9,1.1] shift=(-0.0002,-9e-05) expect=(0.2631579,-0.1) expect-shifted=(0.2633684,-0.09991002) leak=(1.157e-08,7.431e-09)
[12:00:03.441] vr camera census: eye=1 frame=7 foot=yes draw=8220 b1=0x1eb2e751e20 first=0 bytes=5376 rows=[1.035084,-0.01312635,0,0.05953278,-0.03147801,0.9808482,0,0.1197122,-0.3237067,-0.2185098,0,0.9910221,0,0,0.05,0] meas=(-0.2629474,-0.09991002)
[12:00:03.478] vr camera census: eye-geometry eye=1 frame=7 seq=4707 frustum=[-0.7,1.2,-0.9,1.1] shift=(-0.0002,-9e-05) expect=(-0.2631579,-0.1) expect-shifted=(-0.2629474,-0.09991002) leak=(-1.982e-08,7.431e-09)
[12:00:03.515] vr camera census: other-thread tid=4321 camera=0x241dc2e2960 kind=3 caller=+0x594E13 calls=57
[12:00:03.552] vr camera census 5s: frames=450 calls=48600 posts=48600 off-thread=57 stale=0 kinds=1:900,3:47700 callers=+0x594E13:16200,+0x594EAB:16200,+0x594FE1:16200 cameras-seen=5 cameras-total=5 tone=40500/8100/0 tone-frames=450 on-foot-frames=450 foot=yes eye-draws=900/900 progress=yes hook=installed windows=1 cam-overflow=0 thread-overflow=0
